// Jest Snapshot v1, https://goo.gl/fbAQLP

exports[`Content should match the snapshot 1`] = `
<main>
  <h1
    className="heading"
  >
    content
    <span>
      working
    </span>
  </h1>
</main>
`;
